hi 1 bar
<span>2</span>there
Loz-space is ignored "◊ "
Loz-newline is also ignored ◊
Loz-Loz is also ignored "◊"