Try:
FOUND A:a
FOUND B:b
FOUND C:c
FOUND D:d
CUSTOM bar
DONE
